../Core/Src/main.c:35:5:main	168	static
../Core/Src/main.c:93:6:lane_info	16	static
../Core/Src/main.c:136:6:all_traffic_to_red	8	static
../Core/Src/main.c:153:6:lane_classifier	32	static
../Core/Src/main.c:175:5:lane_selector	32	static
../Core/Src/main.c:192:6:display_debug_info	24	static
../Core/Src/main.c:201:6:update_traffic_light	32	static
../Core/Src/main.c:224:6:update_pending_lane	32	static
../Core/Src/main.c:237:6:SystemClock_Config	88	static
../Core/Src/main.c:273:13:MX_GPIO_Init	48	static
../Core/Src/main.c:329:6:Error_Handler	4	static,ignoring_inline_asm
../Core/Src/main.c:337:13:MX_USART2_UART_Init	8	static
../Core/Src/main.c:354:5:_write	24	static
